exports[`test Memorize/Block matches snapshot gem true 1`] = `
<div
  className="Memorize"
  style={
    Object {
      "margin": "0 auto",
      "width": 150,
    }
  }>
  <div
    className="block"
    style={
      Object {
        "width": 50,
      }
    } />
  <div
    className="block"
    style={
      Object {
        "width": 50,
      }
    } />
  <div
    className="block"
    style={
      Object {
        "width": 50,
      }
    } />
  <div
    className="block"
    style={
      Object {
        "width": 50,
      }
    } />
  <div
    className="block"
    style={
      Object {
        "width": 50,
      }
    } />
  <div>
    <center>
      Memorize
    </center>
  </div>
</div>
`;
